// Jest Snapshot v1, https://goo.gl/fbAQLP

exports[`header snapshot 1`] = `
"<div class=\\"header\\">
            <div class=\\"title\\">
                jest
            </div>
        </div>"
`;
